[www.hexona.ai/index.html]
[backblue.gif]
[fade.gif]
[index.html]
[framerusercontent.com/images/IqY4om5b8pn92V0SvVALxz0CUp0.png]
[www.hexona.ai/c.1.delayed]
[www.hexona.ai/m.2.delayed]
[framerusercontent.com/images/acp2cDwcdCAjYgjT2Je23ZIYC7A.png]
[framerusercontent.com/images/5eEBrcgZrpTpswgmkk51nT0I9c.png]
[framerusercontent.com/images/er30OzT0YijxZxj8Td3sb28bY.png]
[framerusercontent.com/images/niLyTbDqyuvEUHkk29IIEWFxcJk.png]
[framerusercontent.com/images/9tSJR3sr04p4VvOD7dZgOobsH0.png]
[framerusercontent.com/images/s7l8usru7RBaoSRsHO4uzGVD3k.png]
[framerusercontent.com/images/HckOd2xJ67RzaG2caZs2ur1UHA.png]
[framerusercontent.com/images/UoxNo4jnBlSZBxPJAF4qftgrYz4.png]
[framerusercontent.com/images/VWdoxfrHXup0NvXCqRl0yIsbg.png]
[framerusercontent.com/images/TXvCCbPbOXLC9URWNfRVX5U0iC4.png]
[framerusercontent.com/images/1h87ns2Ps0CAPgYnwassgeqY.png]
[framerusercontent.com/images/UBzDbcjU9OK8N90S1vnMreOSijg.png]
[framerusercontent.com/images/eIDifEepcllMTSnFfdMm68QyzI.png]
[framerusercontent.com/images/ElXA9BRDlk1EUYX76fVdPRGVs.png]
[framerusercontent.com/images/fV5eKM828WIq0uUi1QspK4cUrEw.png]
[framerusercontent.com/images/6mcf62RlDfRfU61Yg5vb2pefpi4.png]
[framerusercontent.com/images/mNAgeLFNO3ud7TYNi6XwSYs3ag.png]
[framerusercontent.com/images/CSr01inYFSNcBiRsiHyP21guEk.png]
[framerusercontent.com/images/EKuunfYnG0x4pe5PTMtCYwgHsobf23.png]
[framerusercontent.com/images/sEWsfL7HQufI8JwTOycoiFPtZHMbf23.png]
[framerusercontent.com/images/xn0VIQm5iFBqlJTXulpANQrZRYbf23.png]
[framerusercontent.com/images/NB3Y5QYqZqcMtLnUKvMdza6XgSsbf23.png]
[framerusercontent.com/images/CPLjVug4DNdAtgEPjhKGTVLprc.png]
[www.hexona.ai/[object Object].1a.delayed]
[www.hexona.ai/404.html]
[www.hexona.ai/privacy-policy.html]
[www.hexona.ai/index.html]
[www.hexona.ai/c.html]
[www.hexona.ai/m.html]
[www.hexona.ai/[object Object].html]
[www.hexona.ai/404.html]
[www.hexona.ai/privacy-policy.html]
[www.hexona.ai/terms-and-conditions.html]
[www.hexona.ai/terms-and-conditions.html]
